// Jest Snapshot v1, https://goo.gl/fbAQLP

exports[`<Main /> should render the heading 1`] = `
<main
  class="styles__Wrapper-ad8ayi-0 ixDLwt"
>
  <img
    alt="Imagem de um átomo e React Avançado ao lado."
    class="styles__Logo-ad8ayi-1 kEWhxS"
    src="/img/logo.svg"
  />
  <h1
    class="styles__Title-ad8ayi-2 jZKEVA"
  >
    React Avançado
  </h1>
  <h2
    class="styles__Description-ad8ayi-3 gjqOJv"
  >
    TypeScript, ReactJS, NextJS e Styled Components
  </h2>
  <img
    alt="Um desenvolvedor de frente para uma tela com código."
    class="styles__Illustration-ad8ayi-4 iDexYi"
    src="/img/hero-illustration.svg"
  />
</main>
`
